2026-09-16 10:40:26 [INFO] Tray 1 renamed: Messtechnik - Laser - Stative1
2026-09-16 10:40:30 [INFO] Tray 1 renamed: Messtechnik - Laser - Stative
2026-09-16 10:42:57 [INFO] Manual capture started for tray 1
2026-09-16 10:42:57 [INFO] Manual capture saved: finalFrame_20260916_104257.jpg
2026-09-17 13:20:13 [INFO] Manual capture started for tray 1
2026-09-17 13:20:14 [INFO] Manual capture saved: finalFrame_20260917_132013.jpg
2026-09-17 14:06:20 [INFO] Capture saved: finalFrame_20260917_140620.jpg
2026-09-17 14:49:21 [INFO] Manual capture started for tray 3
2026-09-17 14:49:22 [INFO] Manual capture saved: finalFrame_20260917_144922.jpg
2026-09-21 09:19:26 [INFO] Manual capture started for tray 4
2026-09-21 09:19:27 [INFO] Manual capture saved: finalFrame_20260921_091926.jpg
2026-09-21 09:24:43 [INFO] Manual capture started for tray 5
2026-09-21 09:24:43 [INFO] Manual capture saved: finalFrame_20260921_092443.jpg
2026-09-21 09:25:11 [INFO] Manual capture started for tray 5
2026-09-21 09:25:11 [INFO] Manual capture saved: finalFrame_20260921_092511.jpg
2026-09-21 09:50:28 [INFO] Tray 6 renamed: Vakuum / CF System1
2026-09-21 09:50:32 [INFO] Tray 6 renamed: Vakuum / CF System
2026-09-21 10:05:53 [INFO] Capture saved: finalFrame_20260921_100552.jpg
2026-09-24 10:51:29 [INFO] Capture saved: finalFrame_20260924_105128.jpg
2026-09-24 10:51:49 [INFO] Capture saved: finalFrame_20260924_105149.jpg
2026-09-24 10:51:54 [INFO] Capture saved: finalFrame_20260924_105154.jpg
2026-09-24 11:04:19 [INFO] Manual capture started for tray 10
2026-09-24 11:04:20 [INFO] Manual capture saved: finalFrame_20260924_110419.jpg
2026-09-24 12:59:38 [INFO] Capture saved: finalFrame_20260924_125938.jpg
2026-09-24 14:14:27 [INFO] Capture saved: finalFrame_20260924_141426.jpg
2026-09-28 09:51:27 [INFO] Door opened - no tray at the front, no photos
2026-09-28 09:51:34 [INFO] Tray 1 detected at the front
2026-09-28 09:51:38 [INFO] Capture saved for tray 1: finalFrame_20260928_095138.jpg
2026-09-28 09:51:42 [INFO] Tray 1 detected at the front
2026-09-28 09:51:48 [INFO] Capture saved for tray 1: finalFrame_20260928_095148.jpg
2026-09-28 09:51:49 [INFO] Tray 1 detected at the front
2026-09-28 09:51:50 [INFO] Capture saved for tray 1: finalFrame_20260928_095150.jpg
2026-09-28 09:51:51 [INFO] Tray 1 detected at the front
2026-09-28 09:51:52 [INFO] Capture saved for tray 1: finalFrame_20260928_095152.jpg
2026-09-29 09:00:26 [INFO] Picture mode changed to: side by side
2026-10-07 14:25:47 [ERROR] Unhandled GUI exception:
Traceback (most recent call last):
  File "C:\Program Files\Python312\Lib\tkinter\__init__.py", line 1968, in __call__
    return self.func(*args)
           ^^^^^^^^^^^^^^^^
  File "c:\Users\mjansson\Kardex\neuesKardexSystem\dev\gui.py", line 1018, in _handle_preview_resize
    self._preview_resize_after_id = self.root.after(PREVIEW_DEBOUNCE_MS, self._render_preview)
                                                    ^^^^^^^^^^^^^^^^^^^
NameError: name 'PREVIEW_DEBOUNCE_MS' is not defined

2026-10-07 14:25:48 [ERROR] Unhandled GUI exception:
Traceback (most recent call last):
  File "C:\Program Files\Python312\Lib\tkinter\__init__.py", line 1968, in __call__
    return self.func(*args)
           ^^^^^^^^^^^^^^^^
  File "c:\Users\mjansson\Kardex\neuesKardexSystem\dev\gui.py", line 968, in _handle_tray_selected
    self._preview_after_id = self.root.after(PREVIEW_DEBOUNCE_MS, self._apply_preview_selection)
                                             ^^^^^^^^^^^^^^^^^^^
NameError: name 'PREVIEW_DEBOUNCE_MS' is not defined

